../Core/Src/main.c:81:6:map	4	static
../Core/Src/main.c:95:6:enable_lights	16	static
../Core/Src/main.c:105:6:RGB_Control	8	static
../Core/Src/main.c:137:6:HAL_GPIO_EXTI_Callback	16	static
../Core/Src/main.c:145:6:HAL_ADC_ConvCpltCallback	16	static
../Core/Src/main.c:186:5:main	8	static
../Core/Src/main.c:237:6:SystemClock_Config	88	static
../Core/Src/main.c:283:13:MX_ADC1_Init	24	static
../Core/Src/main.c:362:13:MX_TIM1_Init	80	static
../Core/Src/main.c:424:13:MX_DMA_Init	16	static
../Core/Src/main.c:442:13:MX_GPIO_Init	40	static
../Core/Src/main.c:481:6:Error_Handler	4	static,ignoring_inline_asm
