../Core/Src/main.c:83:6:map	4	static
../Core/Src/main.c:97:6:enable_lights	16	static
../Core/Src/main.c:107:6:RGB_Control	8	static
../Core/Src/main.c:139:6:HAL_GPIO_EXTI_Callback	16	static
../Core/Src/main.c:147:6:HAL_ADC_ConvCpltCallback	16	static
../Core/Src/main.c:189:5:main	8	static
../Core/Src/main.c:241:6:SystemClock_Config	88	static
../Core/Src/main.c:287:13:MX_ADC1_Init	24	static
../Core/Src/main.c:366:13:MX_TIM1_Init	80	static
../Core/Src/main.c:430:13:MX_TIM2_Init	48	static
../Core/Src/main.c:477:13:MX_DMA_Init	16	static
../Core/Src/main.c:495:13:MX_GPIO_Init	48	static
../Core/Src/main.c:535:6:Error_Handler	4	static,ignoring_inline_asm
